NOTAS DOBRE SQL

Inatalación
$ sudo apt-get install mysql-server
$ sudo ufw allow mysql
$ systemctl start mysql
$ mysql -u root -p
 password: root

Crear un nuevo usuario
msql> GRANT ALL PRIVILEGES ON *.* TO 'username'@'localhost' IDENTIFIED BY 'password';

___________________________________________EBRO_________________________________________
Intalación VPN
$ sudo apt-get install openvpn easy-rsa
descargar zip en una carpeta https://drive.google.com/open?id=1b1eAza61YAmjbEKCCjCMYNUMe544rRrz
 $ entrar a la carpeta
$ gedit client.ovnp

en la línea 66 y 70 está la ruta de windows hay que cambiarla por las rutas de su compu donde estan los archivos
ta.key y ca.crt

luego correr el 
$sudo openvpn --config client.ovpn 
 el usuario es caviquez y la contraseña 2014152891 

ya debe estar encendida 
abrir terminar y correr 
$ssh user5@ebro.ec.tec.ac.cr
 contraseña : user5


Iniciar conexión VPN
ssh user@ebro.ec.tec.ac.cr
Abrir una termina
$
username: user5
password:password
________________________________________________________________________________________

Correr script
mysql -u username -p < example.sql

Referencias: https://www.a2hosting.com/kb/developer-corner/mysql/managing-mysql-databases-and-users-from-the-command-line
 __________________________________________________________________________________________
Compilación de un programa de C que usa MSQL

$ gcc -o testGame $(mysql_config --cflags) TestGame.c $(mysql_config --libs)./testGame

	Anexo 1: conección básica con mysql 
_________________________________________________________________________________________________-


Comandos para levantar BD
$ systemctl start mysql
$ mysql -u root -p
 password: root

EBRON

iniciar conección VPN
correr comando 



Anexos
Anexo 1
//libereria de mySQL
#include <mysql/mysql.h>
#include <stdio.h>
#include <stdlib.h>

    /*Variables de conexiÃ³n para MySQL*/
    MYSQL *conn;

    /*Variable que contendra el resultado de la consulta*/
    MYSQL_RES *res;

    /*Variable que contendra los campos por cada regitro o consulta*/
    MYSQL_ROW row;

    /*DirecciÃ³n del servidor*/
    char *server = "localhost";

    /*usuario para consultar la base de datos*/
    char *user = "tanzanita";

    /*contraeÃ±a de labase de datos  consutar*/
    char *password = "password";

    /*nombre de labase de datos a consultar*/
    char *database = "dbGame";

int main()  {

    /*inicializar conexiÃ³n*/
    conn = mysql_init(NULL);

    /*Conectar al servidor y a ala base de datos*/
    if(!mysql_real_connect(conn, server, user, password, database, 0, NULL, 0))
    {
        /*si hay un error definir cual fue un error */
        fprintf(stderr, "%s\n", mysql_error(conn));

        //sale de la aplicaciÃ³n
        exit(1);
    }
    if(mysql_query(conn, "select * from pregunta")){
        fprintf(stderr, "%s\n", mysql_error(conn));
        exit(1);
    }
    res = mysql_use_result(conn);
    printf("Las bases son: \n");
    while((row = mysql_fetch_row(res)) != NULL)
        printf("%s\n", row[1]);

    //cerramos la conexion 
    mysql_free_result(res);
    mysql_close(conn);
    return 0;



}


COMANDOS PARA COMPILAR CLIENTE:
$

COMANDOS PARA COMPILAR SERVIDOR:
$ gcc Cennections.c Server.c main.c Database.c -o server -lpthread $(mysql_config --cflags) $(mysql_config --libs) -w



NOTAS

Recordar cambiar IP en cliente para correrlo: 172.19.127.214
Puerto: 4443




_________________________________________________________________
En ebro se debe inicializar la base dedatos 

$ systemctl start mysql
seleccional la 4 TESE
clave: proyecto
